BL51 BANKED LINKER/LOCATER V6.22.2.0                                                    08/31/2021  10:21:33  PAGE 1


BL51 BANKED LINKER/LOCATER V6.22.2.0, INVOKED BY:
C:\KEIL_V5\C51\BIN\BL51.EXE startup.obj, main.obj TO MC96F8216 RAMSIZE (256) CODE (0X0000-0X3FFF) XDATA (0X0000-0X01FF)


MEMORY MODEL: LARGE


INPUT MODULES INCLUDED:
  startup.obj (?C_STARTUP)
  main.obj (MAIN)
  C:\KEIL_V5\C51\LIB\C51L.LIB (?C_INIT)


LINK MAP OF MODULE:  MC96F8216 (?C_STARTUP)


            TYPE    BASE      LENGTH    RELOCATION   SEGMENT NAME
            -----------------------------------------------------

            * * * * * * *   D A T A   M E M O R Y   * * * * * * *
            REG     0000H     0008H     ABSOLUTE     "REG BANK 0"
            IDATA   0008H     0001H     UNIT         ?STACK

            * * * * * * *  X D A T A   M E M O R Y  * * * * * * *
            XDATA   0000H     0010H     UNIT         ?XD?MAIN

            * * * * * * *   C O D E   M E M O R Y   * * * * * * *
            CODE    0000H     0003H     ABSOLUTE     
                    0003H     0068H                  *** GAP ***
            CODE    006BH     0003H     ABSOLUTE     
                    006EH     0792H                  *** GAP ***
            CODE    0800H     00C3H     UNIT         ?PR?TIMER0_INT?MAIN
            CODE    08C3H     00A2H     UNIT         ?PR?MAIN?MAIN
            CODE    0965H     009AH     UNIT         ?C_C51STARTUP
            CODE    09FFH     0045H     UNIT         ?PR?ONWHITE?MAIN
            CODE    0A44H     0039H     UNIT         ?PR?_CONTROLPWM?MAIN
            CODE    0A7DH     0035H     UNIT         ?PR?PORT_INIT?MAIN
            CODE    0AB2H     0029H     UNIT         ?PR?_DELAY_SEC?MAIN
            CODE    0ADBH     0013H     UNIT         ?PR?UART_INIT?MAIN
            CODE    0AEEH     0011H     UNIT         ?PR?ONYELLOW?MAIN
            CODE    0AFFH     0011H     UNIT         ?PR?ONMAGENTA?MAIN
            CODE    0B10H     0011H     UNIT         ?PR?ONCYAN?MAIN
            CODE    0B21H     0010H     UNIT         ?C_INITSEG
            CODE    0B31H     000AH     UNIT         ?PR?ONRED?MAIN
            CODE    0B3BH     000AH     UNIT         ?PR?ONGREEN?MAIN
            CODE    0B45H     000AH     UNIT         ?PR?ONBLUE?MAIN
            CODE    0B4FH     000AH     UNIT         ?PR?DELAY_10US?MAIN
            CODE    0B59H     0009H     UNIT         ?PR?_CONTROLMOTOR?MAIN
            CODE    0B62H     0004H     UNIT         ?PR?OFFRED?MAIN
            CODE    0B66H     0004H     UNIT         ?PR?OFFGREEN?MAIN
            CODE    0B6AH     0004H     UNIT         ?PR?OFFBLUE?MAIN
            CODE    0B6EH     0004H     UNIT         ?PR?ONRELAY?MAIN
            CODE    0B72H     0004H     UNIT         ?PR?OFFRELAY?MAIN
            CODE    0B76H     0001H     UNIT         ?PR?CLOCK_INIT?MAIN



OVERLAY MAP OF MODULE:   MC96F8216 (?C_STARTUP)
BL51 BANKED LINKER/LOCATER V6.22.2.0                                                  08/31/2021  10:21:33  PAGE 2




SEGMENT
  +--> CALLED SEGMENT
---------------------
?C_C51STARTUP
  +--> ?PR?MAIN?MAIN
  +--> ?C_INITSEG

?PR?MAIN?MAIN
  +--> ?PR?PORT_INIT?MAIN
  +--> ?PR?UART_INIT?MAIN
  +--> ?PR?_CONTROLPWM?MAIN
  +--> ?PR?OFFRELAY?MAIN
  +--> ?PR?ONRELAY?MAIN
  +--> ?PR?_CONTROLMOTOR?MAIN

*** NEW ROOT ***************************************************

?PR?TIMER0_INT?MAIN
  +--> ?PR?ONRED?MAIN
  +--> ?PR?ONYELLOW?MAIN
  +--> ?PR?ONGREEN?MAIN
  +--> ?PR?ONCYAN?MAIN
  +--> ?PR?ONBLUE?MAIN
  +--> ?PR?ONMAGENTA?MAIN
  +--> ?PR?OFFRED?MAIN
  +--> ?PR?OFFBLUE?MAIN
  +--> ?PR?OFFGREEN?MAIN

?PR?ONRED?MAIN
  +--> ?PR?OFFGREEN?MAIN
  +--> ?PR?OFFBLUE?MAIN

?PR?ONYELLOW?MAIN
  +--> ?PR?ONRED?MAIN
  +--> ?PR?ONGREEN?MAIN

?PR?ONGREEN?MAIN
  +--> ?PR?OFFRED?MAIN
  +--> ?PR?OFFBLUE?MAIN

?PR?ONCYAN?MAIN
  +--> ?PR?ONGREEN?MAIN
  +--> ?PR?ONBLUE?MAIN

?PR?ONBLUE?MAIN
  +--> ?PR?OFFRED?MAIN
  +--> ?PR?OFFGREEN?MAIN

?PR?ONMAGENTA?MAIN
  +--> ?PR?ONRED?MAIN
  +--> ?PR?ONBLUE?MAIN



SYMBOL TABLE OF MODULE:  MC96F8216 (?C_STARTUP)
BL51 BANKED LINKER/LOCATER V6.22.2.0                                                  08/31/2021  10:21:33  PAGE 3



  VALUE           TYPE          NAME
  ----------------------------------

  -------         MODULE        ?C_STARTUP
  C:0965H         SEGMENT       ?C_C51STARTUP
  I:0008H         SEGMENT       ?STACK
  C:0000H         PUBLIC        ?C_STARTUP
  D:00E0H         SYMBOL        ACC
  D:00F0H         SYMBOL        B
  D:0083H         SYMBOL        DPH
  D:0082H         SYMBOL        DPL
  N:0000H         SYMBOL        IBPSTACK
  N:0100H         SYMBOL        IBPSTACKTOP
  N:0100H         SYMBOL        IDATALEN
  C:0968H         SYMBOL        IDATALOOP
  N:0000H         SYMBOL        PBPSTACK
  N:0000H         SYMBOL        PBPSTACKTOP
  N:0000H         SYMBOL        PDATALEN
  N:0000H         SYMBOL        PDATASTART
  N:0000H         SYMBOL        PPAGE
  N:0000H         SYMBOL        PPAGEENABLE
  D:00A0H         SYMBOL        PPAGE_SFR
  D:0081H         SYMBOL        SP
  C:0965H         SYMBOL        STARTUP1
  N:0000H         SYMBOL        XBPSTACK
  N:0000H         SYMBOL        XBPSTACKTOP
  N:0200H         SYMBOL        XDATALEN
  C:0973H         SYMBOL        XDATALOOP
  N:0000H         SYMBOL        XDATASTART
  C:0000H         LINE#         94
  C:0965H         LINE#         101
  C:0967H         LINE#         102
  C:0968H         LINE#         103
  C:0969H         LINE#         104
  C:096BH         LINE#         108
  C:096EH         LINE#         109
  C:0970H         LINE#         113
  C:0972H         LINE#         115
  C:0973H         LINE#         116
  C:0974H         LINE#         117
  C:0975H         LINE#         118
  C:0977H         LINE#         119
  C:0979H         LINE#         153
  C:097CH         LINE#         157
  -------         ENDMOD        ?C_STARTUP

  -------         MODULE        MAIN
  C:0000H         SYMBOL        _ICE_DUMMY_
  D:0080H         PUBLIC        P0
  D:0088H         PUBLIC        P1
  D:0090H         PUBLIC        P2
  D:0098H         PUBLIC        P3
  D:00E2H         PUBLIC        UARTCR1
  D:00E3H         PUBLIC        UARTCR2
  X:0000H         PUBLIC        period
  D:00E4H         PUBLIC        UARTCR3
BL51 BANKED LINKER/LOCATER V6.22.2.0                                                  08/31/2021  10:21:33  PAGE 4


  C:0B45H         PUBLIC        onBLUE
  C:0B10H         PUBLIC        onCYAN
  D:00A8H         PUBLIC        IE
  D:0091H         PUBLIC        P0OD
  D:0092H         PUBLIC        P1OD
  D:0093H         PUBLIC        P2OD
  D:0094H         PUBLIC        P3OD
  C:0B62H         PUBLIC        offRED
  D:00A1H         PUBLIC        P0IO
  D:00B2H         PUBLIC        T0CR
  D:00B1H         PUBLIC        P1IO
  C:0B59H         PUBLIC        _controlMotor
  D:00B4H         PUBLIC        T0DR
  D:00B9H         PUBLIC        P2IO
  D:00C1H         PUBLIC        P3IO
  C:0B76H         PUBLIC        clock_init
  D:00ACH         PUBLIC        P0PU
  C:08C3H         PUBLIC        main
  D:00ADH         PUBLIC        P1PU
  D:00AEH         PUBLIC        P2PU
  D:00AFH         PUBLIC        P3PU
  X:0002H         PUBLIC        count
  X:0004H         PUBLIC        led_switch
  C:0AB2H         PUBLIC        _delay_sec
  C:0B66H         PUBLIC        offGREEN
  D:00D5H         PUBLIC        P1FSRH
  X:0006H         PUBLIC        led_color
  C:0B31H         PUBLIC        onRED
  D:00D4H         PUBLIC        P1FSRL
  D:00DFH         PUBLIC        P12DB
  D:00DEH         PUBLIC        P03DB
  C:0B72H         PUBLIC        offRELAY
  C:0B4FH         PUBLIC        delay_10us
  C:0AEEH         PUBLIC        onYELLOW
  C:0800H         PUBLIC        TIMER0_Int
  D:00AAH         PUBLIC        IE2
  D:00E6H         PUBLIC        UARTBD
  X:0008H         PUBLIC        tempMotor
  C:0B3BH         PUBLIC        onGREEN
  X:000AH         PUBLIC        tmp
  C:0ADBH         PUBLIC        UART_init
  D:00E7H         PUBLIC        UARTDR
  C:0B6EH         PUBLIC        onRELAY
  C:0AFFH         PUBLIC        onMAGENTA
  C:0A7DH         PUBLIC        port_init
  C:09FFH         PUBLIC        onWHITE
  D:00E5H         PUBLIC        UARTST
  C:0B6AH         PUBLIC        offBLUE
  X:000CH         PUBLIC        i
  D:00D3H         PUBLIC        P0FSR
  D:00D6H         PUBLIC        P2FSR
  X:000EH         PUBLIC        p
  D:00D7H         PUBLIC        P3FSR
  C:0A44H         PUBLIC        _controlPWM
  -------         PROC          _CONTROLPWM
  D:0006H         SYMBOL        num
  C:0A44H         LINE#         21
BL51 BANKED LINKER/LOCATER V6.22.2.0                                                  08/31/2021  10:21:33  PAGE 5


  C:0A44H         LINE#         22
  C:0A44H         LINE#         23
  C:0A48H         LINE#         24
  C:0A48H         LINE#         25
  C:0A4AH         LINE#         26
  C:0A4BH         LINE#         27
  C:0A51H         LINE#         28
  C:0A51H         LINE#         29
  C:0A54H         LINE#         30
  C:0A55H         LINE#         31
  C:0A5BH         LINE#         32
  C:0A5BH         LINE#         33
  C:0A5EH         LINE#         34
  C:0A5FH         LINE#         35
  C:0A65H         LINE#         36
  C:0A65H         LINE#         37
  C:0A68H         LINE#         38
  C:0A69H         LINE#         39
  C:0A6FH         LINE#         40
  C:0A6FH         LINE#         41
  C:0A72H         LINE#         42
  C:0A73H         LINE#         43
  C:0A79H         LINE#         44
  C:0A79H         LINE#         45
  C:0A7CH         LINE#         46
  C:0A7CH         LINE#         47
  -------         ENDPROC       _CONTROLPWM
  -------         PROC          _CONTROLMOTOR
  D:0006H         SYMBOL        num
  C:0B59H         LINE#         49
  C:0B59H         LINE#         50
  C:0B59H         LINE#         51
  C:0B61H         LINE#         52
  -------         ENDPROC       _CONTROLMOTOR
  -------         PROC          ONRED
  C:0B31H         LINE#         56
  C:0B31H         LINE#         57
  C:0B31H         LINE#         58
  C:0B34H         LINE#         59
  C:0B37H         LINE#         60
  C:0B3AH         LINE#         61
  -------         ENDPROC       ONRED
  -------         PROC          OFFRED
  C:0B62H         LINE#         62
  C:0B62H         LINE#         63
  C:0B62H         LINE#         64
  C:0B65H         LINE#         65
  -------         ENDPROC       OFFRED
  -------         PROC          ONGREEN
  C:0B3BH         LINE#         66
  C:0B3BH         LINE#         67
  C:0B3BH         LINE#         68
  C:0B3EH         LINE#         69
  C:0B41H         LINE#         70
  C:0B44H         LINE#         71
  -------         ENDPROC       ONGREEN
  -------         PROC          OFFGREEN
BL51 BANKED LINKER/LOCATER V6.22.2.0                                                  08/31/2021  10:21:33  PAGE 6


  C:0B66H         LINE#         72
  C:0B66H         LINE#         73
  C:0B66H         LINE#         74
  C:0B69H         LINE#         75
  -------         ENDPROC       OFFGREEN
  -------         PROC          ONBLUE
  C:0B45H         LINE#         76
  C:0B45H         LINE#         77
  C:0B45H         LINE#         78
  C:0B48H         LINE#         79
  C:0B4BH         LINE#         80
  C:0B4EH         LINE#         81
  -------         ENDPROC       ONBLUE
  -------         PROC          OFFBLUE
  C:0B6AH         LINE#         82
  C:0B6AH         LINE#         83
  C:0B6AH         LINE#         84
  C:0B6DH         LINE#         85
  -------         ENDPROC       OFFBLUE
  -------         PROC          ONYELLOW
  C:0AEEH         LINE#         86
  C:0AEEH         LINE#         87
  C:0AEEH         LINE#         88
  C:0AF8H         LINE#         89
  C:0AF8H         LINE#         90
  C:0AFBH         LINE#         91
  C:0AFBH         LINE#         93
  C:0AFBH         LINE#         94
  C:0AFEH         LINE#         95
  C:0AFEH         LINE#         96
  -------         ENDPROC       ONYELLOW
  -------         PROC          ONMAGENTA
  C:0AFFH         LINE#         97
  C:0AFFH         LINE#         98
  C:0AFFH         LINE#         99
  C:0B09H         LINE#         100
  C:0B09H         LINE#         101
  C:0B0CH         LINE#         102
  C:0B0CH         LINE#         104
  C:0B0CH         LINE#         105
  C:0B0FH         LINE#         106
  C:0B0FH         LINE#         107
  -------         ENDPROC       ONMAGENTA
  -------         PROC          ONCYAN
  C:0B10H         LINE#         109
  C:0B10H         LINE#         110
  C:0B10H         LINE#         111
  C:0B1AH         LINE#         112
  C:0B1AH         LINE#         113
  C:0B1DH         LINE#         114
  C:0B1DH         LINE#         116
  C:0B1DH         LINE#         117
  C:0B20H         LINE#         118
  C:0B20H         LINE#         119
  -------         ENDPROC       ONCYAN
  -------         PROC          ONWHITE
  C:09FFH         LINE#         121
BL51 BANKED LINKER/LOCATER V6.22.2.0                                                  08/31/2021  10:21:33  PAGE 7


  C:09FFH         LINE#         122
  C:09FFH         LINE#         123
  C:0A16H         LINE#         124
  C:0A16H         LINE#         125
  C:0A1AH         LINE#         126
  C:0A1AH         LINE#         127
  C:0A1DH         LINE#         128
  C:0A1FH         LINE#         129
  C:0A2BH         LINE#         130
  C:0A2BH         LINE#         131
  C:0A2EH         LINE#         132
  C:0A30H         LINE#         134
  C:0A30H         LINE#         135
  C:0A33H         LINE#         136
  C:0A33H         LINE#         137
  C:0A43H         LINE#         138
  -------         ENDPROC       ONWHITE
  -------         PROC          ONRELAY
  C:0B6EH         LINE#         143
  C:0B6EH         LINE#         144
  C:0B6EH         LINE#         145
  C:0B71H         LINE#         146
  -------         ENDPROC       ONRELAY
  -------         PROC          OFFRELAY
  C:0B72H         LINE#         147
  C:0B72H         LINE#         148
  C:0B72H         LINE#         149
  C:0B75H         LINE#         150
  -------         ENDPROC       OFFRELAY
  -------         PROC          DELAY_10US
  C:0B4FH         LINE#         153
  C:0B4FH         LINE#         154
  C:0B4FH         LINE#         155
  C:0B54H         LINE#         156
  C:0B58H         LINE#         157
  -------         ENDPROC       DELAY_10US
  -------         PROC          _DELAY_SEC
  D:0006H         SYMBOL        num
  -------         DO            
  D:0002H         SYMBOL        i22
  D:0004H         SYMBOL        j22
  -------         ENDDO         
  C:0AB2H         LINE#         159
  C:0AB2H         LINE#         160
  C:0AB2H         LINE#         164
  C:0AC2H         LINE#         165
  C:0AC5H         LINE#         166
  C:0ADAH         LINE#         168
  -------         ENDPROC       _DELAY_SEC
  -------         PROC          TIMER0_INT
  C:0800H         LINE#         172
  C:081DH         LINE#         174
  C:082AH         LINE#         175
  C:082AH         LINE#         176
  C:082EH         LINE#         177
  C:0830H         LINE#         179
  C:0830H         LINE#         180
BL51 BANKED LINKER/LOCATER V6.22.2.0                                                  08/31/2021  10:21:33  PAGE 8


  C:0834H         LINE#         181
  C:0834H         LINE#         182
  C:083EH         LINE#         183
  C:083EH         LINE#         184
  C:0841H         LINE#         185
  C:0843H         LINE#         186
  C:084FH         LINE#         187
  C:084FH         LINE#         188
  C:0852H         LINE#         189
  C:0854H         LINE#         190
  C:0860H         LINE#         191
  C:0860H         LINE#         192
  C:0863H         LINE#         193
  C:0865H         LINE#         194
  C:0871H         LINE#         195
  C:0871H         LINE#         196
  C:0874H         LINE#         197
  C:0876H         LINE#         198
  C:0883H         LINE#         199
  C:0883H         LINE#         200
  C:0886H         LINE#         201
  C:0888H         LINE#         202
  C:088EH         LINE#         203
  C:088EH         LINE#         204
  C:0891H         LINE#         205
  C:0893H         LINE#         206
  C:089FH         LINE#         207
  C:089FH         LINE#         208
  C:08A2H         LINE#         209
  C:08A5H         LINE#         210
  C:08A8H         LINE#         211
  C:08A8H         LINE#         212
  -------         ENDPROC       TIMER0_INT
  -------         PROC          MAIN
  C:08C3H         LINE#         215
  C:08C3H         LINE#         216
  C:08C3H         LINE#         217
  C:08C6H         LINE#         218
  C:08C9H         LINE#         220
  C:08CCH         LINE#         221
  C:08CFH         LINE#         224
  C:08D2H         LINE#         234
  C:08D5H         LINE#         236
  C:08DEH         LINE#         237
  C:08E1H         LINE#         282
  C:08E3H         LINE#         283
  C:08E6H         LINE#         284
  C:08EEH         LINE#         285
  C:08EEH         LINE#         286
  C:08EEH         LINE#         301
  C:08FFH         LINE#         302
  C:08FFH         LINE#         303
  C:08FFH         LINE#         304
  C:0905H         LINE#         305
  C:090EH         LINE#         306
  C:0911H         LINE#         307
  C:0913H         LINE#         308
BL51 BANKED LINKER/LOCATER V6.22.2.0                                                  08/31/2021  10:21:33  PAGE 9


  C:0913H         LINE#         309
  C:091AH         LINE#         310
  C:0922H         LINE#         311
  C:0922H         LINE#         312
  C:0924H         LINE#         313
  C:0924H         LINE#         314
  C:092BH         LINE#         315
  C:0932H         LINE#         316
  C:0932H         LINE#         317
  C:0934H         LINE#         318
  C:0934H         LINE#         319
  C:093BH         LINE#         320
  C:0942H         LINE#         321
  C:0945H         LINE#         322
  C:0945H         LINE#         368
  C:0945H         LINE#         369
  C:095CH         LINE#         370
  C:095CH         LINE#         371
  C:0963H         LINE#         372
  C:0963H         LINE#         374
  -------         ENDPROC       MAIN
  -------         PROC          CLOCK_INIT
  C:0B76H         LINE#         385
  C:0B76H         LINE#         386
  C:0B76H         LINE#         389
  -------         ENDPROC       CLOCK_INIT
  -------         PROC          UART_INIT
  C:0ADBH         LINE#         391
  C:0ADBH         LINE#         392
  C:0ADBH         LINE#         395
  C:0ADEH         LINE#         396
  C:0AE1H         LINE#         397
  C:0AE4H         LINE#         398
  C:0AE7H         LINE#         399
  C:0AEAH         LINE#         400
  C:0AEDH         LINE#         402
  -------         ENDPROC       UART_INIT
  -------         PROC          PORT_INIT
  C:0A7DH         LINE#         404
  C:0A7DH         LINE#         405
  C:0A7DH         LINE#         407
  C:0A80H         LINE#         408
  C:0A83H         LINE#         409
  C:0A85H         LINE#         410
  C:0A87H         LINE#         411
  C:0A89H         LINE#         413
  C:0A8CH         LINE#         414
  C:0A8EH         LINE#         415
  C:0A90H         LINE#         416
  C:0A92H         LINE#         417
  C:0A94H         LINE#         419
  C:0A97H         LINE#         420
  C:0A99H         LINE#         421
  C:0A9BH         LINE#         422
  C:0A9DH         LINE#         424
  C:0AA0H         LINE#         425
  C:0AA2H         LINE#         426
BL51 BANKED LINKER/LOCATER V6.22.2.0                                                  08/31/2021  10:21:33  PAGE 10


  C:0AA4H         LINE#         427
  C:0AA6H         LINE#         430
  C:0AA8H         LINE#         431
  C:0AAAH         LINE#         432
  C:0AACH         LINE#         433
  C:0AAEH         LINE#         435
  C:0AB1H         LINE#         436
  -------         ENDPROC       PORT_INIT
  -------         ENDMOD        MAIN

*** WARNING L16: UNCALLED SEGMENT, IGNORED FOR OVERLAY PROCESS
    SEGMENT: ?PR?ONWHITE?MAIN

*** WARNING L16: UNCALLED SEGMENT, IGNORED FOR OVERLAY PROCESS
    SEGMENT: ?PR?_DELAY_SEC?MAIN

*** WARNING L16: UNCALLED SEGMENT, IGNORED FOR OVERLAY PROCESS
    SEGMENT: ?PR?CLOCK_INIT?MAIN

******************************************************************************
* RESTRICTED VERSION WITH 0800H BYTE CODE SIZE LIMIT; USED: 02FCH BYTE (37%) *
******************************************************************************

Program Size: data=9.0 xdata=16 code=893
LINK/LOCATE RUN COMPLETE.  3 WARNING(S),  0 ERROR(S)
