BL51 BANKED LINKER/LOCATER V6.22.2.0                                                    10/27/2021  14:47:08  PAGE 1


BL51 BANKED LINKER/LOCATER V6.22.2.0, INVOKED BY:
C:\KEIL_V5\C51\BIN\BL51.EXE startup.obj, main.obj TO MC96F8216 RAMSIZE (256) CODE (0X0000-0X3FFF) XDATA (0X0000-0X01FF)


MEMORY MODEL: LARGE


INPUT MODULES INCLUDED:
  startup.obj (?C_STARTUP)
  main.obj (MAIN)
  C:\KEIL_V5\C51\LIB\C51L.LIB (?C_INIT)


LINK MAP OF MODULE:  MC96F8216 (?C_STARTUP)


            TYPE    BASE      LENGTH    RELOCATION   SEGMENT NAME
            -----------------------------------------------------

            * * * * * * *   D A T A   M E M O R Y   * * * * * * *
            REG     0000H     0008H     ABSOLUTE     "REG BANK 0"
            IDATA   0008H     0001H     UNIT         ?STACK

            * * * * * * *  X D A T A   M E M O R Y  * * * * * * *
            XDATA   0000H     0016H     UNIT         ?XD?MAIN

            * * * * * * *   C O D E   M E M O R Y   * * * * * * *
            CODE    0000H     0003H     ABSOLUTE     
                    0003H     0048H                  *** GAP ***
            CODE    004BH     0003H     ABSOLUTE     
                    004EH     001DH                  *** GAP ***
            CODE    006BH     0003H     ABSOLUTE     
                    006EH     0792H                  *** GAP ***
            CODE    0800H     00C3H     UNIT         ?PR?TIMER0_INT?MAIN
            CODE    08C3H     009AH     UNIT         ?C_C51STARTUP
            CODE    095DH     0091H     UNIT         ?PR?MAIN?MAIN
            CODE    09EEH     0045H     UNIT         ?PR?ONWHITE?MAIN
            CODE    0A33H     003BH     UNIT         ?PR?UARTRX_INT?MAIN
            CODE    0A6EH     0039H     UNIT         ?PR?_CONTROLPWM?MAIN
            CODE    0AA7H     0035H     UNIT         ?PR?PORT_INIT?MAIN
            CODE    0ADCH     0029H     UNIT         ?PR?_DELAY_SEC?MAIN
            CODE    0B05H     0024H     UNIT         ?C_INITSEG
            CODE    0B29H     0013H     UNIT         ?PR?UART_INIT?MAIN
            CODE    0B3CH     0011H     UNIT         ?PR?ONYELLOW?MAIN
            CODE    0B4DH     0011H     UNIT         ?PR?ONMAGENTA?MAIN
            CODE    0B5EH     0011H     UNIT         ?PR?ONCYAN?MAIN
            CODE    0B6FH     000AH     UNIT         ?PR?ONRED?MAIN
            CODE    0B79H     000AH     UNIT         ?PR?ONGREEN?MAIN
            CODE    0B83H     000AH     UNIT         ?PR?ONBLUE?MAIN
            CODE    0B8DH     000AH     UNIT         ?PR?DELAY_10US?MAIN
            CODE    0B97H     0009H     UNIT         ?PR?_CONTROLMOTOR?MAIN
            CODE    0BA0H     0004H     UNIT         ?PR?OFFRED?MAIN
            CODE    0BA4H     0004H     UNIT         ?PR?OFFGREEN?MAIN
            CODE    0BA8H     0004H     UNIT         ?PR?OFFBLUE?MAIN
            CODE    0BACH     0004H     UNIT         ?PR?ONRELAY?MAIN
            CODE    0BB0H     0004H     UNIT         ?PR?OFFRELAY?MAIN
            CODE    0BB4H     0001H     UNIT         ?PR?CLOCK_INIT?MAIN

BL51 BANKED LINKER/LOCATER V6.22.2.0                                                  10/27/2021  14:47:08  PAGE 2




OVERLAY MAP OF MODULE:   MC96F8216 (?C_STARTUP)


SEGMENT
  +--> CALLED SEGMENT
---------------------
?C_C51STARTUP
  +--> ?PR?MAIN?MAIN
  +--> ?C_INITSEG

?PR?MAIN?MAIN
  +--> ?PR?PORT_INIT?MAIN
  +--> ?PR?UART_INIT?MAIN
  +--> ?PR?_CONTROLPWM?MAIN
  +--> ?PR?ONRELAY?MAIN

*** NEW ROOT ***************************************************

?PR?TIMER0_INT?MAIN
  +--> ?PR?ONRED?MAIN
  +--> ?PR?ONYELLOW?MAIN
  +--> ?PR?ONGREEN?MAIN
  +--> ?PR?ONCYAN?MAIN
  +--> ?PR?ONBLUE?MAIN
  +--> ?PR?ONMAGENTA?MAIN
  +--> ?PR?OFFRED?MAIN
  +--> ?PR?OFFBLUE?MAIN
  +--> ?PR?OFFGREEN?MAIN

?PR?ONRED?MAIN
  +--> ?PR?OFFGREEN?MAIN
  +--> ?PR?OFFBLUE?MAIN

?PR?ONYELLOW?MAIN
  +--> ?PR?ONRED?MAIN
  +--> ?PR?ONGREEN?MAIN

?PR?ONGREEN?MAIN
  +--> ?PR?OFFRED?MAIN
  +--> ?PR?OFFBLUE?MAIN

?PR?ONCYAN?MAIN
  +--> ?PR?ONGREEN?MAIN
  +--> ?PR?ONBLUE?MAIN

?PR?ONBLUE?MAIN
  +--> ?PR?OFFRED?MAIN
  +--> ?PR?OFFGREEN?MAIN

?PR?ONMAGENTA?MAIN
  +--> ?PR?ONRED?MAIN
  +--> ?PR?ONBLUE?MAIN



BL51 BANKED LINKER/LOCATER V6.22.2.0                                                  10/27/2021  14:47:08  PAGE 3


SYMBOL TABLE OF MODULE:  MC96F8216 (?C_STARTUP)

  VALUE           TYPE          NAME
  ----------------------------------

  -------         MODULE        ?C_STARTUP
  C:08C3H         SEGMENT       ?C_C51STARTUP
  I:0008H         SEGMENT       ?STACK
  C:0000H         PUBLIC        ?C_STARTUP
  D:00E0H         SYMBOL        ACC
  D:00F0H         SYMBOL        B
  D:0083H         SYMBOL        DPH
  D:0082H         SYMBOL        DPL
  N:0000H         SYMBOL        IBPSTACK
  N:0100H         SYMBOL        IBPSTACKTOP
  N:0100H         SYMBOL        IDATALEN
  C:08C6H         SYMBOL        IDATALOOP
  N:0000H         SYMBOL        PBPSTACK
  N:0000H         SYMBOL        PBPSTACKTOP
  N:0000H         SYMBOL        PDATALEN
  N:0000H         SYMBOL        PDATASTART
  N:0000H         SYMBOL        PPAGE
  N:0000H         SYMBOL        PPAGEENABLE
  D:00A0H         SYMBOL        PPAGE_SFR
  D:0081H         SYMBOL        SP
  C:08C3H         SYMBOL        STARTUP1
  N:0000H         SYMBOL        XBPSTACK
  N:0000H         SYMBOL        XBPSTACKTOP
  N:0200H         SYMBOL        XDATALEN
  C:08D1H         SYMBOL        XDATALOOP
  N:0000H         SYMBOL        XDATASTART
  C:0000H         LINE#         94
  C:08C3H         LINE#         101
  C:08C5H         LINE#         102
  C:08C6H         LINE#         103
  C:08C7H         LINE#         104
  C:08C9H         LINE#         108
  C:08CCH         LINE#         109
  C:08CEH         LINE#         113
  C:08D0H         LINE#         115
  C:08D1H         LINE#         116
  C:08D2H         LINE#         117
  C:08D3H         LINE#         118
  C:08D5H         LINE#         119
  C:08D7H         LINE#         153
  C:08DAH         LINE#         157
  -------         ENDMOD        ?C_STARTUP

  -------         MODULE        MAIN
  C:0000H         SYMBOL        _ICE_DUMMY_
  D:0080H         PUBLIC        P0
  D:0088H         PUBLIC        P1
  D:0090H         PUBLIC        P2
  D:0098H         PUBLIC        P3
  D:00E2H         PUBLIC        UARTCR1
  D:00E3H         PUBLIC        UARTCR2
  X:0000H         PUBLIC        period
BL51 BANKED LINKER/LOCATER V6.22.2.0                                                  10/27/2021  14:47:08  PAGE 4


  D:00E4H         PUBLIC        UARTCR3
  C:0B83H         PUBLIC        onBLUE
  C:0B5EH         PUBLIC        onCYAN
  D:00A8H         PUBLIC        IE
  D:0091H         PUBLIC        P0OD
  D:0092H         PUBLIC        P1OD
  D:0093H         PUBLIC        P2OD
  D:0094H         PUBLIC        P3OD
  C:0BA0H         PUBLIC        offRED
  D:00A1H         PUBLIC        P0IO
  D:00B2H         PUBLIC        T0CR
  D:00B1H         PUBLIC        P1IO
  C:0B97H         PUBLIC        _controlMotor
  D:00B4H         PUBLIC        T0DR
  D:00B9H         PUBLIC        P2IO
  D:00C1H         PUBLIC        P3IO
  C:0BB4H         PUBLIC        clock_init
  D:00ACH         PUBLIC        P0PU
  C:095DH         PUBLIC        main
  D:00ADH         PUBLIC        P1PU
  D:00AEH         PUBLIC        P2PU
  D:00AFH         PUBLIC        P3PU
  X:0002H         PUBLIC        count
  X:0004H         PUBLIC        led_switch
  C:0ADCH         PUBLIC        _delay_sec
  C:0BA4H         PUBLIC        offGREEN
  D:00D5H         PUBLIC        P1FSRH
  X:0006H         PUBLIC        led_color
  C:0B6FH         PUBLIC        onRED
  D:00D4H         PUBLIC        P1FSRL
  D:00DFH         PUBLIC        P12DB
  D:00DEH         PUBLIC        P03DB
  C:0BB0H         PUBLIC        offRELAY
  C:0B8DH         PUBLIC        delay_10us
  C:0B3CH         PUBLIC        onYELLOW
  D:00A9H         PUBLIC        IE1
  C:0800H         PUBLIC        TIMER0_Int
  D:00AAH         PUBLIC        IE2
  D:00E6H         PUBLIC        UARTBD
  X:0008H         PUBLIC        tempMotor
  C:0B79H         PUBLIC        onGREEN
  X:000AH         PUBLIC        tmp
  C:0B29H         PUBLIC        UART_init
  D:00E7H         PUBLIC        UARTDR
  C:0BACH         PUBLIC        onRELAY
  C:0B4DH         PUBLIC        onMAGENTA
  C:0AA7H         PUBLIC        port_init
  X:000CH         PUBLIC        tmp_count
  C:09EEH         PUBLIC        onWHITE
  X:000EH         PUBLIC        ctrl_variable
  D:00E5H         PUBLIC        UARTST
  C:0BA8H         PUBLIC        offBLUE
  X:0010H         PUBLIC        i
  D:00D3H         PUBLIC        P0FSR
  D:00D6H         PUBLIC        P2FSR
  X:0012H         PUBLIC        p
  D:00D7H         PUBLIC        P3FSR
BL51 BANKED LINKER/LOCATER V6.22.2.0                                                  10/27/2021  14:47:08  PAGE 5


  X:0014H         PUBLIC        tmp_old
  C:0A33H         PUBLIC        UARTRX_Int
  C:0A6EH         PUBLIC        _controlPWM
  -------         PROC          _CONTROLPWM
  D:0006H         SYMBOL        num
  C:0A6EH         LINE#         21
  C:0A6EH         LINE#         22
  C:0A6EH         LINE#         23
  C:0A72H         LINE#         24
  C:0A72H         LINE#         25
  C:0A74H         LINE#         26
  C:0A75H         LINE#         27
  C:0A7BH         LINE#         28
  C:0A7BH         LINE#         29
  C:0A7EH         LINE#         30
  C:0A7FH         LINE#         31
  C:0A85H         LINE#         32
  C:0A85H         LINE#         33
  C:0A88H         LINE#         34
  C:0A89H         LINE#         35
  C:0A8FH         LINE#         36
  C:0A8FH         LINE#         37
  C:0A92H         LINE#         38
  C:0A93H         LINE#         39
  C:0A99H         LINE#         40
  C:0A99H         LINE#         41
  C:0A9CH         LINE#         42
  C:0A9DH         LINE#         43
  C:0AA3H         LINE#         44
  C:0AA3H         LINE#         45
  C:0AA6H         LINE#         46
  C:0AA6H         LINE#         47
  -------         ENDPROC       _CONTROLPWM
  -------         PROC          _CONTROLMOTOR
  D:0006H         SYMBOL        num
  C:0B97H         LINE#         49
  C:0B97H         LINE#         50
  C:0B97H         LINE#         51
  C:0B9FH         LINE#         52
  -------         ENDPROC       _CONTROLMOTOR
  -------         PROC          ONRED
  C:0B6FH         LINE#         56
  C:0B6FH         LINE#         57
  C:0B6FH         LINE#         58
  C:0B72H         LINE#         59
  C:0B75H         LINE#         60
  C:0B78H         LINE#         61
  -------         ENDPROC       ONRED
  -------         PROC          OFFRED
  C:0BA0H         LINE#         62
  C:0BA0H         LINE#         63
  C:0BA0H         LINE#         64
  C:0BA3H         LINE#         65
  -------         ENDPROC       OFFRED
  -------         PROC          ONGREEN
  C:0B79H         LINE#         66
  C:0B79H         LINE#         67
BL51 BANKED LINKER/LOCATER V6.22.2.0                                                  10/27/2021  14:47:08  PAGE 6


  C:0B79H         LINE#         68
  C:0B7CH         LINE#         69
  C:0B7FH         LINE#         70
  C:0B82H         LINE#         71
  -------         ENDPROC       ONGREEN
  -------         PROC          OFFGREEN
  C:0BA4H         LINE#         72
  C:0BA4H         LINE#         73
  C:0BA4H         LINE#         74
  C:0BA7H         LINE#         75
  -------         ENDPROC       OFFGREEN
  -------         PROC          ONBLUE
  C:0B83H         LINE#         76
  C:0B83H         LINE#         77
  C:0B83H         LINE#         78
  C:0B86H         LINE#         79
  C:0B89H         LINE#         80
  C:0B8CH         LINE#         81
  -------         ENDPROC       ONBLUE
  -------         PROC          OFFBLUE
  C:0BA8H         LINE#         82
  C:0BA8H         LINE#         83
  C:0BA8H         LINE#         84
  C:0BABH         LINE#         85
  -------         ENDPROC       OFFBLUE
  -------         PROC          ONYELLOW
  C:0B3CH         LINE#         86
  C:0B3CH         LINE#         87
  C:0B3CH         LINE#         88
  C:0B46H         LINE#         89
  C:0B46H         LINE#         90
  C:0B49H         LINE#         91
  C:0B49H         LINE#         93
  C:0B49H         LINE#         94
  C:0B4CH         LINE#         95
  C:0B4CH         LINE#         96
  -------         ENDPROC       ONYELLOW
  -------         PROC          ONMAGENTA
  C:0B4DH         LINE#         97
  C:0B4DH         LINE#         98
  C:0B4DH         LINE#         99
  C:0B57H         LINE#         100
  C:0B57H         LINE#         101
  C:0B5AH         LINE#         102
  C:0B5AH         LINE#         104
  C:0B5AH         LINE#         105
  C:0B5DH         LINE#         106
  C:0B5DH         LINE#         107
  -------         ENDPROC       ONMAGENTA
  -------         PROC          ONCYAN
  C:0B5EH         LINE#         109
  C:0B5EH         LINE#         110
  C:0B5EH         LINE#         111
  C:0B68H         LINE#         112
  C:0B68H         LINE#         113
  C:0B6BH         LINE#         114
  C:0B6BH         LINE#         116
BL51 BANKED LINKER/LOCATER V6.22.2.0                                                  10/27/2021  14:47:08  PAGE 7


  C:0B6BH         LINE#         117
  C:0B6EH         LINE#         118
  C:0B6EH         LINE#         119
  -------         ENDPROC       ONCYAN
  -------         PROC          ONWHITE
  C:09EEH         LINE#         121
  C:09EEH         LINE#         122
  C:09EEH         LINE#         123
  C:0A05H         LINE#         124
  C:0A05H         LINE#         125
  C:0A09H         LINE#         126
  C:0A09H         LINE#         127
  C:0A0CH         LINE#         128
  C:0A0EH         LINE#         129
  C:0A1AH         LINE#         130
  C:0A1AH         LINE#         131
  C:0A1DH         LINE#         132
  C:0A1FH         LINE#         134
  C:0A1FH         LINE#         135
  C:0A22H         LINE#         136
  C:0A22H         LINE#         137
  C:0A32H         LINE#         138
  -------         ENDPROC       ONWHITE
  -------         PROC          ONRELAY
  C:0BACH         LINE#         143
  C:0BACH         LINE#         144
  C:0BACH         LINE#         145
  C:0BAFH         LINE#         146
  -------         ENDPROC       ONRELAY
  -------         PROC          OFFRELAY
  C:0BB0H         LINE#         147
  C:0BB0H         LINE#         148
  C:0BB0H         LINE#         149
  C:0BB3H         LINE#         150
  -------         ENDPROC       OFFRELAY
  -------         PROC          DELAY_10US
  C:0B8DH         LINE#         153
  C:0B8DH         LINE#         154
  C:0B8DH         LINE#         155
  C:0B92H         LINE#         156
  C:0B96H         LINE#         157
  -------         ENDPROC       DELAY_10US
  -------         PROC          _DELAY_SEC
  D:0006H         SYMBOL        num
  -------         DO            
  D:0002H         SYMBOL        i22
  D:0004H         SYMBOL        j22
  -------         ENDDO         
  C:0ADCH         LINE#         159
  C:0ADCH         LINE#         160
  C:0ADCH         LINE#         164
  C:0AECH         LINE#         165
  C:0AEFH         LINE#         166
  C:0B04H         LINE#         168
  -------         ENDPROC       _DELAY_SEC
  -------         PROC          TIMER0_INT
  C:0800H         LINE#         172
BL51 BANKED LINKER/LOCATER V6.22.2.0                                                  10/27/2021  14:47:08  PAGE 8


  C:081DH         LINE#         174
  C:082AH         LINE#         175
  C:082AH         LINE#         176
  C:082EH         LINE#         177
  C:0830H         LINE#         179
  C:0830H         LINE#         180
  C:0834H         LINE#         181
  C:0834H         LINE#         182
  C:083EH         LINE#         183
  C:083EH         LINE#         184
  C:0841H         LINE#         185
  C:0843H         LINE#         186
  C:084FH         LINE#         187
  C:084FH         LINE#         188
  C:0852H         LINE#         189
  C:0854H         LINE#         190
  C:0860H         LINE#         191
  C:0860H         LINE#         192
  C:0863H         LINE#         193
  C:0865H         LINE#         194
  C:0871H         LINE#         195
  C:0871H         LINE#         196
  C:0874H         LINE#         197
  C:0876H         LINE#         198
  C:0883H         LINE#         199
  C:0883H         LINE#         200
  C:0886H         LINE#         201
  C:0888H         LINE#         202
  C:088EH         LINE#         203
  C:088EH         LINE#         204
  C:0891H         LINE#         205
  C:0893H         LINE#         206
  C:089FH         LINE#         207
  C:089FH         LINE#         208
  C:08A2H         LINE#         209
  C:08A5H         LINE#         210
  C:08A8H         LINE#         211
  C:08A8H         LINE#         212
  -------         ENDPROC       TIMER0_INT
  -------         PROC          UARTRX_INT
  C:0A33H         LINE#         217
  C:0A40H         LINE#         219
  C:0A4FH         LINE#         220
  C:0A59H         LINE#         236
  C:0A5CH         LINE#         237
  C:0A63H         LINE#         238
  -------         ENDPROC       UARTRX_INT
  -------         PROC          MAIN
  C:095DH         LINE#         241
  C:095DH         LINE#         242
  C:095DH         LINE#         243
  C:0960H         LINE#         244
  C:0963H         LINE#         246
  C:0966H         LINE#         247
  C:0969H         LINE#         250
  C:096CH         LINE#         260
  C:096FH         LINE#         261
BL51 BANKED LINKER/LOCATER V6.22.2.0                                                  10/27/2021  14:47:08  PAGE 9


  C:0972H         LINE#         263
  C:097BH         LINE#         264
  C:097EH         LINE#         309
  C:0980H         LINE#         310
  C:0983H         LINE#         311
  C:098BH         LINE#         312
  C:098BH         LINE#         313
  C:098BH         LINE#         331
  C:09A5H         LINE#         332
  C:09A5H         LINE#         333
  C:09A5H         LINE#         334
  C:09ACH         LINE#         335
  C:09B4H         LINE#         336
  C:09B4H         LINE#         337
  C:09B6H         LINE#         338
  C:09B6H         LINE#         339
  C:09BDH         LINE#         340
  C:09C5H         LINE#         341
  C:09C5H         LINE#         342
  C:09C7H         LINE#         343
  C:09C7H         LINE#         344
  C:09CEH         LINE#         345
  C:09D6H         LINE#         346
  C:09D9H         LINE#         347
  C:09DBH         LINE#         348
  C:09DBH         LINE#         349
  C:09E2H         LINE#         350
  C:09E9H         LINE#         351
  C:09ECH         LINE#         352
  -------         ENDPROC       MAIN
  -------         PROC          CLOCK_INIT
  C:0BB4H         LINE#         416
  C:0BB4H         LINE#         417
  C:0BB4H         LINE#         420
  -------         ENDPROC       CLOCK_INIT
  -------         PROC          UART_INIT
  C:0B29H         LINE#         422
  C:0B29H         LINE#         423
  C:0B29H         LINE#         426
  C:0B2CH         LINE#         427
  C:0B2FH         LINE#         428
  C:0B32H         LINE#         429
  C:0B35H         LINE#         430
  C:0B38H         LINE#         431
  C:0B3BH         LINE#         433
  -------         ENDPROC       UART_INIT
  -------         PROC          PORT_INIT
  C:0AA7H         LINE#         435
  C:0AA7H         LINE#         436
  C:0AA7H         LINE#         438
  C:0AAAH         LINE#         439
  C:0AADH         LINE#         440
  C:0AAFH         LINE#         441
  C:0AB1H         LINE#         442
  C:0AB3H         LINE#         444
  C:0AB6H         LINE#         445
  C:0AB8H         LINE#         446
BL51 BANKED LINKER/LOCATER V6.22.2.0                                                  10/27/2021  14:47:08  PAGE 10


  C:0ABAH         LINE#         447
  C:0ABCH         LINE#         448
  C:0ABEH         LINE#         450
  C:0AC1H         LINE#         451
  C:0AC3H         LINE#         452
  C:0AC5H         LINE#         453
  C:0AC7H         LINE#         455
  C:0ACAH         LINE#         456
  C:0ACCH         LINE#         457
  C:0ACEH         LINE#         458
  C:0AD0H         LINE#         461
  C:0AD2H         LINE#         462
  C:0AD4H         LINE#         463
  C:0AD6H         LINE#         464
  C:0AD8H         LINE#         466
  C:0ADBH         LINE#         467
  -------         ENDPROC       PORT_INIT
  -------         ENDMOD        MAIN

*** WARNING L16: UNCALLED SEGMENT, IGNORED FOR OVERLAY PROCESS
    SEGMENT: ?PR?_CONTROLMOTOR?MAIN

*** WARNING L16: UNCALLED SEGMENT, IGNORED FOR OVERLAY PROCESS
    SEGMENT: ?PR?ONWHITE?MAIN

*** WARNING L16: UNCALLED SEGMENT, IGNORED FOR OVERLAY PROCESS
    SEGMENT: ?PR?OFFRELAY?MAIN

*** WARNING L16: UNCALLED SEGMENT, IGNORED FOR OVERLAY PROCESS
    SEGMENT: ?PR?_DELAY_SEC?MAIN

*** WARNING L16: UNCALLED SEGMENT, IGNORED FOR OVERLAY PROCESS
    SEGMENT: ?PR?CLOCK_INIT?MAIN

******************************************************************************
* RESTRICTED VERSION WITH 0800H BYTE CODE SIZE LIMIT; USED: 033DH BYTE (40%) *
******************************************************************************

Program Size: data=9.0 xdata=22 code=958
LINK/LOCATE RUN COMPLETE.  5 WARNING(S),  0 ERROR(S)
